// Jest Snapshot v1, https://goo.gl/fbAQLP

exports[`SideMenu Sanity checks for SideMenu matches the snapshot 1`] = `"<div class=\\"side-menu\\"><div class=\\"side-menu__title\\"><div><h2 data-test=\\"title\\" class=\\"title\\">Users in Audience</h2><span data-test=\\"subtitle\\" class=\\"subtitle\\">Total Users - Showing 3 matching users</span></div></div><div class=\\"side-menu__items-container\\"><aside class=\\"menu-item menu-item__active\\" data-test=\\"menu-item\\"><div><h2 data-test=\\"title\\" class=\\"title\\">usr_0</h2><span data-test=\\"subtitle\\" class=\\"subtitle\\"><span>1 Devices - </span><span>2 Sessions - </span><span>Sofia</span></span></div></aside><aside class=\\"menu-item\\" data-test=\\"menu-item\\"><div><h2 data-test=\\"title\\" class=\\"title\\">usr_1</h2><span data-test=\\"subtitle\\" class=\\"subtitle\\"><span>2 Devices - </span><span>5 Sessions - </span><span>San Francisco</span></span></div></aside><aside class=\\"menu-item\\" data-test=\\"menu-item\\"><div><h2 data-test=\\"title\\" class=\\"title\\">usr_2</h2><span data-test=\\"subtitle\\" class=\\"subtitle\\"><span>3 Devices - </span><span>8 Sessions - </span><span>Amsterdam</span></span></div></aside></div></div>"`;
